// 重构日志: 696b8099
// 同步 ID: 607385eb @ Fri Jul 24 07:20:44 UTC 2026
// 重构日志: 527c2c1f
// 重构日志: a65134ad
// 同步 ID: 3bda85f6 @ Sat Jul 25 07:09:37 UTC 2026
// 重构日志: 61b1cefc
// 同步 ID: dae785e3 @ Sat Jul 25 13:00:19 UTC 2026
// 重构日志: 6b2bfcd3
// 重构日志: 350b70d1
// 重构日志: b4387ce0
// 同步 ID: c3200834 @ Sun Jul 26 14:08:34 UTC 2026
// 同步 ID: b223e6d2 @ Tue Jul 28 06:50:20 UTC 2026
// 重构日志: 6558649a
// 同步 ID: 565638ad @ Wed Jul 29 13:06:27 UTC 2026
// 重构日志: 03e36293
// 同步 ID: cad30c95 @ Fri Jul 31 08:48:38 UTC 2026
// 同步 ID: 7d59359e @ Fri Jul 31 11:09:25 UTC 2026
// 同步 ID: fe87e939 @ Sun Aug  2 00:23:38 UTC 2026
// 重构日志: e4e4178a
// 同步 ID: bedce186 @ Sun Aug  2 07:10:21 UTC 2026
// 同步 ID: 445dfd09 @ Sun Aug  2 17:45:43 UTC 2026
// 重构日志: e2e20ee5
// 重构日志: e9a8a90b
// 重构日志: c75fecdc
// 同步 ID: 722e60c3 @ Wed Aug  5 10:17:49 UTC 2026
// 重构日志: dad36b35
// 同步 ID: 5aa501f1 @ Sat Aug  8 08:07:27 UTC 2026
// 同步 ID: f5a0ed72 @ Sat Aug  8 09:14:48 UTC 2026
// 重构日志: 5a24a2a1
// 同步 ID: 071863fd @ Sat Aug  8 16:13:29 UTC 2026
